../Core/Src/main.c:99:9:readISL29125Register	40	static
../Core/Src/main.c:104:6:configureISL29125	32	static
../Core/Src/main.c:116:5:main	80	static
../Core/Src/main.c:229:6:SystemClock_Config	88	static
../Core/Src/main.c:276:13:MX_I2C1_Init	8	static
../Core/Src/main.c:310:13:MX_TIM1_Init	32	static
../Core/Src/main.c:356:13:MX_USART1_UART_Init	8	static
../Core/Src/main.c:389:13:MX_USART2_UART_Init	8	static
../Core/Src/main.c:422:13:MX_GPIO_Init	48	static
../Core/Src/main.c:463:6:printToUART	16	static
../Core/Src/main.c:467:6:sendCommandAndPrintResponse	272	static
../Core/Src/main.c:494:6:sendDataToThingSpeak	360	static
../Core/Src/main.c:526:8:computeValue	40	static
../Core/Src/main.c:547:9:DS18B20_Read	24	static
../Core/Src/main.c:569:6:DS18B20_Write	24	static
../Core/Src/main.c:595:9:DS18B20_Start	24	static
../Core/Src/main.c:611:6:Set_Input	40	static
../Core/Src/main.c:622:6:Set_Output	40	static
../Core/Src/main.c:633:6:delay	16	static
../Core/Src/main.c:644:6:Error_Handler	4	static,ignoring_inline_asm
